{"received_at":"2026-09-19T20:51:43.7788958+07:00","remote_addr":"::1","event_id":"verify-r201-1789825903","raw":"{\"event_id\":\"verify-r201-1789825903\",\"timestamp\":\"2026-09-19T20:51:43+07:00\",\"make\":\"Toyota\",\"model\":\"Vios\",\"length_mm\":4425,\"width_mm\":1730,\"height_mm\":1475,\"weight_kg\":1100,\"category\":\"Sedan\"}"}
{"received_at":"2026-09-19T21:06:17.0844475+07:00","remote_addr":"::1","event_id":"r301-1789826777","raw":"{\"event_id\":\"r301-1789826777\",\"make\":\"Mazda\",\"model\":\"CX5\",\"length_mm\":4550,\"width_mm\":1840,\"height_mm\":1680,\"weight_kg\":1600,\"category\":\"SUV\"}"}
{"received_at":"2026-09-19T21:15:39.8756139+07:00","remote_addr":"::1","event_id":"r401-1789827339","raw":"{\"event_id\":\"r401-1789827339\",\"make\":\"Honda\",\"model\":\"CRV\",\"length_mm\":4600,\"width_mm\":1855,\"height_mm\":1680,\"weight_kg\":1650,\"category\":\"SUV\"}"}
{"received_at":"2026-09-19T21:19:47.1420368+07:00","remote_addr":"::1","event_id":"r401b-1789827587","raw":"{\"event_id\":\"r401b-1789827587\",\"make\":\"Kia\",\"model\":\"Seltos\",\"weight_kg\":1450,\"category\":\"SUV\"}"}
{"received_at":"2026-09-19T21:20:02.6220589+07:00","remote_addr":"::1","event_id":"r401c-1789827602","raw":"{\"event_id\":\"r401c-1789827602\",\"make\":\"Kia\",\"model\":\"Seltos\",\"length_mm\":4315,\"width_mm\":1800,\"height_mm\":1645,\"weight_kg\":1450,\"category\":\"SUV\"}"}
{"received_at":"2026-09-19T21:21:11.2721101+07:00","remote_addr":"::1","event_id":"r401d-1789827671","raw":"{\"event_id\":\"r401d-1789827671\",\"make\":\"Kia\",\"model\":\"Seltos\",\"length_mm\":4315,\"width_mm\":1800,\"height_mm\":1645,\"weight_kg\":1450,\"category\":\"SUV\"}"}
{"received_at":"2026-09-19T21:22:04.7576531+07:00","remote_addr":"::1","event_id":"r401e-1789827724","raw":"{\"event_id\":\"r401e-1789827724\",\"make\":\"Kia\",\"model\":\"Seltos\",\"length_mm\":4315,\"width_mm\":1800,\"height_mm\":1645,\"weight_kg\":1450,\"category\":\"SUV\"}"}
{"received_at":"2026-09-19T21:22:59.3218418+07:00","remote_addr":"::1","event_id":"r401f-1789827779","raw":"{\"event_id\":\"r401f-1789827779\",\"make\":\"Kia\",\"model\":\"Seltos\",\"length_mm\":4315,\"width_mm\":1800,\"height_mm\":1645,\"weight_kg\":1450,\"category\":\"SUV\"}"}
{"received_at":"2026-09-19T21:30:51.4320648+07:00","remote_addr":"::1","event_id":"e2e-1789828251","raw":"{\"event_id\":\"e2e-1789828251\",\"make\":\"Mazda\",\"model\":\"CX8\",\"length_mm\":4900,\"width_mm\":1840,\"height_mm\":1730,\"weight_kg\":1900,\"category\":\"SUV\"}"}
{"received_at":"2026-09-19T21:31:09.9682939+07:00","remote_addr":"::1","event_id":"d9-1789828269-1","raw":"{\"event_id\":\"d9-1789828269-1\",\"make\":\"Test\",\"model\":\"Car1\",\"length_mm\":4300,\"width_mm\":1800,\"height_mm\":1600,\"weight_kg\":1400,\"category\":\"Sedan\"}"}
{"received_at":"2026-09-19T21:31:10.0120470+07:00","remote_addr":"::1","event_id":"d9-1789828269-2","raw":"{\"event_id\":\"d9-1789828269-2\",\"make\":\"Test\",\"model\":\"Car2\",\"length_mm\":4300,\"width_mm\":1800,\"height_mm\":1600,\"weight_kg\":1400,\"category\":\"Sedan\"}"}
{"received_at":"2026-09-19T21:31:10.0653952+07:00","remote_addr":"::1","event_id":"d9-1789828270-3","raw":"{\"event_id\":\"d9-1789828270-3\",\"make\":\"Test\",\"model\":\"Car3\",\"length_mm\":4300,\"width_mm\":1800,\"height_mm\":1600,\"weight_kg\":1400,\"category\":\"Sedan\"}"}
{"received_at":"2026-09-19T21:31:10.1218940+07:00","remote_addr":"::1","event_id":"d9-1789828270-4","raw":"{\"event_id\":\"d9-1789828270-4\",\"make\":\"Test\",\"model\":\"Car4\",\"length_mm\":4300,\"width_mm\":1800,\"height_mm\":1600,\"weight_kg\":1400,\"category\":\"Sedan\"}"}
{"received_at":"2026-09-19T21:31:10.1798839+07:00","remote_addr":"::1","event_id":"d9-1789828270-5","raw":"{\"event_id\":\"d9-1789828270-5\",\"make\":\"Test\",\"model\":\"Car5\",\"length_mm\":4300,\"width_mm\":1800,\"height_mm\":1600,\"weight_kg\":1400,\"category\":\"Sedan\"}"}
{"received_at":"2026-09-19T21:31:10.2339874+07:00","remote_addr":"::1","event_id":"d9-1789828270-6","raw":"{\"event_id\":\"d9-1789828270-6\",\"make\":\"Test\",\"model\":\"Car6\",\"length_mm\":4300,\"width_mm\":1800,\"height_mm\":1600,\"weight_kg\":1400,\"category\":\"Sedan\"}"}
{"received_at":"2026-09-19T21:31:10.2922721+07:00","remote_addr":"::1","event_id":"d9-1789828270-7","raw":"{\"event_id\":\"d9-1789828270-7\",\"make\":\"Test\",\"model\":\"Car7\",\"length_mm\":4300,\"width_mm\":1800,\"height_mm\":1600,\"weight_kg\":1400,\"category\":\"Sedan\"}"}
{"received_at":"2026-09-19T22:02:54.4728722+07:00","remote_addr":"::1","event_id":"mask-1789830174","raw":"{\"event_id\":\"mask-1789830174\",\"make\":\"Kia\",\"model\":\"Seltos\",\"length_mm\":4315,\"width_mm\":1800,\"height_mm\":1645,\"weight_kg\":1450,\"category\":\"SUV\"}"}
{"received_at":"2026-09-19T22:03:18.6630736+07:00","remote_addr":"::1","event_id":"mask2-1789830198","raw":"{\"event_id\":\"mask2-1789830198\",\"make\":\"Kia\",\"model\":\"Seltos\",\"length_mm\":4315,\"width_mm\":1800,\"height_mm\":1645,\"weight_kg\":1450,\"category\":\"SUV\"}"}
{"received_at":"2026-09-19T22:04:17.3209842+07:00","remote_addr":"::1","event_id":"mask3-1789830257","raw":"{\"event_id\":\"mask3-1789830257\",\"make\":\"Kia\",\"model\":\"Seltos\",\"length_mm\":4315,\"width_mm\":1800,\"height_mm\":1645,\"weight_kg\":1450,\"category\":\"SUV\"}"}
{"received_at":"2026-09-19T22:20:31.9433684+07:00","remote_addr":"::1","event_id":"crop-1789831231","raw":"{\"event_id\":\"crop-1789831231\",\"make\":\"Kia\",\"model\":\"Seltos\",\"length_mm\":4315,\"width_mm\":1800,\"height_mm\":1645,\"weight_kg\":1450,\"category\":\"SUV\"}"}
{"received_at":"2026-09-19T22:21:13.9717475+07:00","remote_addr":"::1","event_id":"crop2-1789831273","raw":"{\"event_id\":\"crop2-1789831273\",\"make\":\"Kia\",\"model\":\"Seltos\",\"length_mm\":4315,\"width_mm\":1800,\"height_mm\":1645,\"weight_kg\":1450,\"category\":\"SUV\"}"}
{"received_at":"2026-09-19T22:22:20.3532313+07:00","remote_addr":"::1","event_id":"rc-1789831340","raw":"{\"event_id\":\"rc-1789831340\",\"make\":\"Kia\",\"model\":\"Seltos\",\"length_mm\":4315,\"width_mm\":1800,\"height_mm\":1645,\"weight_kg\":1450,\"category\":\"SUV\"}"}
{"received_at":"2026-09-19T22:33:33.4322752+07:00","remote_addr":"::1","event_id":"fit-1789832013","raw":"{\"event_id\":\"fit-1789832013\",\"make\":\"Kia\",\"model\":\"Seltos\",\"length_mm\":4315,\"width_mm\":1800,\"height_mm\":1645,\"weight_kg\":1450,\"category\":\"SUV\"}"}
{"received_at":"2026-09-19T22:42:41.2185873+07:00","remote_addr":"::1","event_id":"lbl-1789832561","raw":"{\"event_id\":\"lbl-1789832561\",\"make\":\"Kia\",\"model\":\"Seltos\",\"length_mm\":4315,\"width_mm\":1800,\"height_mm\":1645,\"weight_kg\":1450,\"category\":\"SUV\"}"}
{"received_at":"2026-09-19T22:43:31.0061584+07:00","remote_addr":"::1","event_id":"lbl2-1789832610","raw":"{\"event_id\":\"lbl2-1789832610\",\"make\":\"Kia\",\"model\":\"Seltos\",\"length_mm\":4315,\"width_mm\":1800,\"height_mm\":1645,\"weight_kg\":1450,\"category\":\"SUV\"}"}
{"received_at":"2026-09-19T22:44:15.3938191+07:00","remote_addr":"::1","event_id":"tr-1789832655","raw":"{\"event_id\":\"tr-1789832655\",\"make\":\"Kia\",\"model\":\"Seltos\",\"length_mm\":4315,\"width_mm\":1800,\"height_mm\":1645,\"weight_kg\":1450,\"category\":\"SUV\"}"}
{"received_at":"2026-09-19T22:55:04.3339975+07:00","remote_addr":"::1","event_id":"ctr-1789833300","raw":"{\"event_id\":\"ctr-1789833300\",\"make\":\"Kia\",\"model\":\"Seltos\",\"length_mm\":4315,\"width_mm\":1800,\"height_mm\":1645,\"weight_kg\":1450,\"category\":\"SUV\"}"}
{"received_at":"2026-09-19T23:27:39.2517570+07:00","remote_addr":"::1","event_id":"now-1789835255","raw":"{\"event_id\":\"now-1789835255\",\"make\":\"Kia\",\"model\":\"Seltos\",\"length_mm\":4315,\"width_mm\":1800,\"height_mm\":1645,\"weight_kg\":1450,\"category\":\"SUV\"}"}
{"received_at":"2026-09-19T23:29:55.3273797+07:00","remote_addr":"::1","event_id":"big-1789835395","raw":"{\"event_id\":\"big-1789835395\",\"make\":\"Kia\",\"model\":\"Seltos\",\"length_mm\":4315,\"width_mm\":1800,\"height_mm\":1645,\"weight_kg\":1450,\"category\":\"SUV\"}"}
{"received_at":"2026-09-19T23:32:18.4356876+07:00","remote_addr":"::1","event_id":"fin-1789835538","raw":"{\"event_id\":\"fin-1789835538\",\"make\":\"Kia\",\"model\":\"Seltos\",\"length_mm\":4315,\"width_mm\":1800,\"height_mm\":1645,\"weight_kg\":1450,\"category\":\"SUV\"}"}
{"received_at":"2026-09-19T23:41:35.5360836+07:00","remote_addr":"::1","event_id":"prf-1789836095","raw":"{\"event_id\":\"prf-1789836095\",\"make\":\"Kia\",\"model\":\"Seltos\",\"length_mm\":4315,\"width_mm\":1800,\"height_mm\":1645,\"weight_kg\":1450,\"category\":\"SUV\"}"}
{"received_at":"2026-09-19T23:44:46.4455435+07:00","remote_addr":"::1","event_id":"cov-1789836286","raw":"{\"event_id\":\"cov-1789836286\",\"make\":\"Kia\",\"model\":\"Seltos\",\"length_mm\":4315,\"width_mm\":1800,\"height_mm\":1645,\"weight_kg\":1450,\"category\":\"SUV\"}"}
{"received_at":"2026-09-19T23:45:44.6808045+07:00","remote_addr":"::1","event_id":"fit-1789836344","raw":"{\"event_id\":\"fit-1789836344\",\"make\":\"Kia\",\"model\":\"Seltos\",\"length_mm\":4315,\"width_mm\":1800,\"height_mm\":1645,\"weight_kg\":1450,\"category\":\"SUV\"}"}
{"received_at":"2026-09-19T23:50:19.7395520+07:00","remote_addr":"::1","event_id":"scr-1789836615","raw":"{\"event_id\":\"scr-1789836615\",\"make\":\"Kia\",\"model\":\"Seltos\",\"length_mm\":4315,\"width_mm\":1800,\"height_mm\":1645,\"weight_kg\":1450,\"category\":\"SUV\"}"}
{"received_at":"2026-09-19T23:51:18.3004323+07:00","remote_addr":"::1","event_id":"sc2-1789836678","raw":"{\"event_id\":\"sc2-1789836678\",\"make\":\"Kia\",\"model\":\"Seltos\",\"length_mm\":4315,\"width_mm\":1800,\"height_mm\":1645,\"weight_kg\":1450,\"category\":\"SUV\"}"}
{"received_at":"2026-09-19T23:56:08.3756452+07:00","remote_addr":"::1","event_id":"msk-1789836964","raw":"{\"event_id\":\"msk-1789836964\",\"make\":\"Kia\",\"model\":\"Seltos\",\"length_mm\":4315,\"width_mm\":1800,\"height_mm\":1645,\"weight_kg\":1450,\"category\":\"SUV\"}"}
{"received_at":"2026-09-19T23:59:20.3695909+07:00","remote_addr":"::1","event_id":"end-1789837157","raw":"{\"event_id\":\"end-1789837157\",\"make\":\"Kia\",\"model\":\"Seltos\",\"length_mm\":4315,\"width_mm\":1800,\"height_mm\":1645,\"weight_kg\":1450,\"category\":\"SUV\"}"}
